// Jest Snapshot v1, https://goo.gl/fbAQLP

exports[`Verificar la ausencia de cambios inesperados en el GUI 1`] = `
<div
  className="App container"
>
  <div
    className="container"
  >
    <nav
      className="NavBarTop navbar navbar-expand navbar-light fixed-top"
    >
      <a
        className="navbar-brand"
        href="#"
      >
        <div>
          <img
            alt="logo"
            className="logoEdit"
            src="logo.svg"
          />
        </div>
      </a>
    </nav>
  </div>
  <div
    className="container"
  >
    <div
      className="Card card"
    >
      <div
        className="Logo"
      >
        <img
          className="card-img-top"
          src="logo.svg"
        />
        <div
          style={
            Object {
              "margin": "20px",
            }
          }
        >
          <h4>
            INGRESAR
          </h4>
        </div>
      </div>
      <div
        className="CardBody card-body"
      >
        <form
          className=""
        >
          <div
            className="form-group"
          >
            <label
              className="form-label"
              htmlFor="formBasicEmail"
            >
              Usuario
            </label>
            <input
              className="form-control"
              id="formBasicEmail"
              onChange={[Function]}
              placeholder="Usuario TEC"
              type="text"
              value=""
            />
          </div>
          <div
            className="form-group"
          >
            <label
              className="form-label"
              htmlFor="formBasicPassword"
            >
              Contrase単a
            </label>
            <input
              className="form-control"
              id="formBasicPassword"
              onChange={[Function]}
              placeholder="Contrase単a"
              type="password"
              value=""
            />
          </div>
          <div>
            <div
              className="checkBoxes form-group"
            >
              <div
                className="form-check"
              >
                <input
                  checked={true}
                  className="form-check-input"
                  disabled={false}
                  id="checkbox1"
                  onChange={[Function]}
                  type="checkbox"
                />
                <label
                  className="form-check-label"
                  htmlFor="checkbox1"
                  title=""
                >
                  Estudiante
                </label>
              </div>
              <div
                className="form-check"
              >
                <input
                  checked={false}
                  className="form-check-input"
                  disabled={false}
                  id="checkbox2"
                  onChange={[Function]}
                  type="checkbox"
                />
                <label
                  className="form-check-label"
                  htmlFor="checkbox2"
                  title=""
                >
                  Profesor
                </label>
              </div>
              <div
                className="form-check"
              >
                <input
                  checked={false}
                  className="form-check-input"
                  disabled={false}
                  id="checkbox3"
                  onChange={[Function]}
                  type="checkbox"
                />
                <label
                  className="form-check-label"
                  htmlFor="checkbox3"
                  title=""
                >
                  Administrador
                </label>
              </div>
            </div>
          </div>
          <div
            className="d-flex justify-content-center"
          >
            <button
              className="loginBtn btn btn-primary"
              disabled={false}
              onClick={[Function]}
              type="button"
            >
              ENTRAR
            </button>
          </div>
        </form>
      </div>
    </div>
  </div>
  <div
    className="container"
  >
    <nav
      className="NavBarBot navbar navbar-expand navbar-light bg-#153c6c fixed-bottom"
    />
  </div>
</div>
`;

exports[`Verificar la ausencia de cambios inesperados en el GUI 2`] = `
<div
  className="App container"
>
  <div
    className="container"
  >
    <nav
      className="NavBarTop navbar navbar-expand navbar-light fixed-top"
    >
      <a
        className="navbar-brand"
        href="#"
      >
        <div>
          <img
            alt="logo"
            className="logoEdit"
            src="logo.svg"
          />
        </div>
      </a>
    </nav>
  </div>
  <div
    className="container"
  >
    <div
      className="Card card"
    >
      <div
        className="Logo"
      >
        <img
          className="card-img-top"
          src="logo.svg"
        />
        <div
          style={
            Object {
              "margin": "20px",
            }
          }
        >
          <h4>
            INGRESAR
          </h4>
        </div>
      </div>
      <div
        className="CardBody card-body"
      >
        <form
          className=""
        >
          <div
            className="form-group"
          >
            <label
              className="form-label"
              htmlFor="formBasicEmail"
            >
              Usuario
            </label>
            <input
              className="form-control"
              id="formBasicEmail"
              onChange={[Function]}
              placeholder="Usuario TEC"
              type="text"
              value=""
            />
          </div>
          <div
            className="form-group"
          >
            <label
              className="form-label"
              htmlFor="formBasicPassword"
            >
              Contrase単a
            </label>
            <input
              className="form-control"
              id="formBasicPassword"
              onChange={[Function]}
              placeholder="Contrase単a"
              type="password"
              value=""
            />
          </div>
          <div>
            <div
              className="checkBoxes form-group"
            >
              <div
                className="form-check"
              >
                <input
                  checked={false}
                  className="form-check-input"
                  disabled={false}
                  id="checkbox1"
                  onChange={[Function]}
                  type="checkbox"
                />
                <label
                  className="form-check-label"
                  htmlFor="checkbox1"
                  title=""
                >
                  Estudiante
                </label>
              </div>
              <div
                className="form-check"
              >
                <input
                  checked={true}
                  className="form-check-input"
                  disabled={false}
                  id="checkbox2"
                  onChange={[Function]}
                  type="checkbox"
                />
                <label
                  className="form-check-label"
                  htmlFor="checkbox2"
                  title=""
                >
                  Profesor
                </label>
              </div>
              <div
                className="form-check"
              >
                <input
                  checked={false}
                  className="form-check-input"
                  disabled={false}
                  id="checkbox3"
                  onChange={[Function]}
                  type="checkbox"
                />
                <label
                  className="form-check-label"
                  htmlFor="checkbox3"
                  title=""
                >
                  Administrador
                </label>
              </div>
            </div>
          </div>
          <div
            className="d-flex justify-content-center"
          >
            <button
              className="loginBtn btn btn-primary"
              disabled={false}
              onClick={[Function]}
              type="button"
            >
              ENTRAR
            </button>
          </div>
        </form>
      </div>
    </div>
  </div>
  <div
    className="container"
  >
    <nav
      className="NavBarBot navbar navbar-expand navbar-light bg-#153c6c fixed-bottom"
    />
  </div>
</div>
`;

exports[`Verificar la ausencia de cambios inesperados en el GUI 3`] = `
<div
  className="App container"
>
  <div
    className="container"
  >
    <nav
      className="NavBarTop navbar navbar-expand navbar-light fixed-top"
    >
      <a
        className="navbar-brand"
        href="#"
      >
        <div>
          <img
            alt="logo"
            className="logoEdit"
            src="logo.svg"
          />
        </div>
      </a>
    </nav>
  </div>
  <div
    className="container"
  >
    <div
      className="Card card"
    >
      <div
        className="Logo"
      >
        <img
          className="card-img-top"
          src="logo.svg"
        />
        <div
          style={
            Object {
              "margin": "20px",
            }
          }
        >
          <h4>
            INGRESAR
          </h4>
        </div>
      </div>
      <div
        className="CardBody card-body"
      >
        <form
          className=""
        >
          <div
            className="form-group"
          >
            <label
              className="form-label"
              htmlFor="formBasicEmail"
            >
              Usuario
            </label>
            <input
              className="form-control"
              id="formBasicEmail"
              onChange={[Function]}
              placeholder="Usuario TEC"
              type="text"
              value=""
            />
          </div>
          <div
            className="form-group"
          >
            <label
              className="form-label"
              htmlFor="formBasicPassword"
            >
              Contrase単a
            </label>
            <input
              className="form-control"
              id="formBasicPassword"
              onChange={[Function]}
              placeholder="Contrase単a"
              type="password"
              value=""
            />
          </div>
          <div>
            <div
              className="checkBoxes form-group"
            >
              <div
                className="form-check"
              >
                <input
                  checked={false}
                  className="form-check-input"
                  disabled={false}
                  id="checkbox1"
                  onChange={[Function]}
                  type="checkbox"
                />
                <label
                  className="form-check-label"
                  htmlFor="checkbox1"
                  title=""
                >
                  Estudiante
                </label>
              </div>
              <div
                className="form-check"
              >
                <input
                  checked={false}
                  className="form-check-input"
                  disabled={false}
                  id="checkbox2"
                  onChange={[Function]}
                  type="checkbox"
                />
                <label
                  className="form-check-label"
                  htmlFor="checkbox2"
                  title=""
                >
                  Profesor
                </label>
              </div>
              <div
                className="form-check"
              >
                <input
                  checked={true}
                  className="form-check-input"
                  disabled={false}
                  id="checkbox3"
                  onChange={[Function]}
                  type="checkbox"
                />
                <label
                  className="form-check-label"
                  htmlFor="checkbox3"
                  title=""
                >
                  Administrador
                </label>
              </div>
            </div>
          </div>
          <div
            className="d-flex justify-content-center"
          >
            <button
              className="loginBtn btn btn-primary"
              disabled={false}
              onClick={[Function]}
              type="button"
            >
              ENTRAR
            </button>
          </div>
        </form>
      </div>
    </div>
  </div>
  <div
    className="container"
  >
    <nav
      className="NavBarBot navbar navbar-expand navbar-light bg-#153c6c fixed-bottom"
    />
  </div>
</div>
`;

exports[`Verificar la ausencia de cambios inesperados en el GUI 4`] = `
<div
  className="App container"
>
  <div
    className="container"
  >
    <nav
      className="NavBarTop navbar navbar-expand navbar-light fixed-top"
    >
      <a
        className="navbar-brand"
        href="#"
      >
        <div>
          <img
            alt="logo"
            className="logoEdit"
            src="logo.svg"
          />
        </div>
      </a>
    </nav>
  </div>
  <div
    className="container"
  >
    <div
      className="Card card"
    >
      <div
        className="Logo"
      >
        <img
          className="card-img-top"
          src="logo.svg"
        />
        <div
          style={
            Object {
              "margin": "20px",
            }
          }
        >
          <h4>
            INGRESAR
          </h4>
        </div>
      </div>
      <div
        className="CardBody card-body"
      >
        <form
          className=""
        >
          <div
            className="form-group"
          >
            <label
              className="form-label"
              htmlFor="formBasicEmail"
            >
              Usuario
            </label>
            <input
              className="form-control"
              id="formBasicEmail"
              onChange={[Function]}
              placeholder="Usuario TEC"
              type="text"
              value=""
            />
          </div>
          <div
            className="form-group"
          >
            <label
              className="form-label"
              htmlFor="formBasicPassword"
            >
              Contrase単a
            </label>
            <input
              className="form-control"
              id="formBasicPassword"
              onChange={[Function]}
              placeholder="Contrase単a"
              type="password"
              value=""
            />
          </div>
          <div>
            <div
              className="checkBoxes form-group"
            >
              <div
                className="form-check"
              >
                <input
                  checked={true}
                  className="form-check-input"
                  disabled={false}
                  id="checkbox1"
                  onChange={[Function]}
                  type="checkbox"
                />
                <label
                  className="form-check-label"
                  htmlFor="checkbox1"
                  title=""
                >
                  Estudiante
                </label>
              </div>
              <div
                className="form-check"
              >
                <input
                  checked={false}
                  className="form-check-input"
                  disabled={false}
                  id="checkbox2"
                  onChange={[Function]}
                  type="checkbox"
                />
                <label
                  className="form-check-label"
                  htmlFor="checkbox2"
                  title=""
                >
                  Profesor
                </label>
              </div>
              <div
                className="form-check"
              >
                <input
                  checked={false}
                  className="form-check-input"
                  disabled={false}
                  id="checkbox3"
                  onChange={[Function]}
                  type="checkbox"
                />
                <label
                  className="form-check-label"
                  htmlFor="checkbox3"
                  title=""
                >
                  Administrador
                </label>
              </div>
            </div>
          </div>
          <div
            className="d-flex justify-content-center"
          >
            <button
              className="loginBtn btn btn-primary"
              disabled={false}
              onClick={[Function]}
              type="button"
            >
              ENTRAR
            </button>
          </div>
        </form>
      </div>
    </div>
  </div>
  <div
    className="container"
  >
    <nav
      className="NavBarBot navbar navbar-expand navbar-light bg-#153c6c fixed-bottom"
    />
  </div>
</div>
`;
